Archive member included to satisfy reference by file (symbol)

c:/program files (x86)/atmel/studio/7.0/toolchain/avr8/avr8-gnu-toolchain/bin/../lib/gcc/avr/4.9.2/avr6\libgcc.a(_exit.o)
                              C:/Program Files (x86)/Atmel/Studio/7.0/Packs/atmel/ATmega_DFP/1.1.130/gcc/dev/atmega2560/avr6/crtatmega2560.o (exit)
c:/program files (x86)/atmel/studio/7.0/toolchain/avr8/avr8-gnu-toolchain/bin/../lib/gcc/avr/4.9.2/avr6\libgcc.a(_tablejump2.o)
                              lib/helius_microrl/microrl.o (__tablejump2__)
c:/program files (x86)/atmel/studio/7.0/toolchain/avr8/avr8-gnu-toolchain/bin/../lib/gcc/avr/4.9.2/avr6\libgcc.a(_copy_data.o)
                              lib/hd44780_111/hd44780.o (__do_copy_data)
c:/program files (x86)/atmel/studio/7.0/toolchain/avr8/avr8-gnu-toolchain/bin/../lib/gcc/avr/4.9.2/avr6\libgcc.a(_clear_bss.o)
                              lib/andygock_avr-uart/uart.o (__do_clear_bss)
c:/program files (x86)/atmel/studio/7.0/toolchain/avr8/avr8-gnu-toolchain/bin/../lib/gcc/avr/4.9.2/../../../../avr/lib/avr6\libc.a(assert.o)
                              lib/hd44780_111/hd44780.o (__assert)
c:/program files (x86)/atmel/studio/7.0/toolchain/avr8/avr8-gnu-toolchain/bin/../lib/gcc/avr/4.9.2/../../../../avr/lib/avr6\libc.a(malloc.o)
                              src/cli_microrl.o (malloc)
c:/program files (x86)/atmel/studio/7.0/toolchain/avr8/avr8-gnu-toolchain/bin/../lib/gcc/avr/4.9.2/../../../../avr/lib/avr6\libc.a(abort.o)
                              c:/program files (x86)/atmel/studio/7.0/toolchain/avr8/avr8-gnu-toolchain/bin/../lib/gcc/avr/4.9.2/../../../../avr/lib/avr6\libc.a(assert.o) (abort)
c:/program files (x86)/atmel/studio/7.0/toolchain/avr8/avr8-gnu-toolchain/bin/../lib/gcc/avr/4.9.2/../../../../avr/lib/avr6\libc.a(strcmp_P.o)
                              src/cli_microrl.o (strcmp_P)
c:/program files (x86)/atmel/studio/7.0/toolchain/avr8/avr8-gnu-toolchain/bin/../lib/gcc/avr/4.9.2/../../../../avr/lib/avr6\libc.a(strncmp_P.o)
                              src/cli_microrl.o (strncmp_P)
c:/program files (x86)/atmel/studio/7.0/toolchain/avr8/avr8-gnu-toolchain/bin/../lib/gcc/avr/4.9.2/../../../../avr/lib/avr6\libc.a(memcmp.o)
                              src/rfid.o (memcmp)
c:/program files (x86)/atmel/studio/7.0/toolchain/avr8/avr8-gnu-toolchain/bin/../lib/gcc/avr/4.9.2/../../../../avr/lib/avr6\libc.a(memcpy.o)
                              lib/matejx_avr_lib/mfrc522.o (memcpy)
c:/program files (x86)/atmel/studio/7.0/toolchain/avr8/avr8-gnu-toolchain/bin/../lib/gcc/avr/4.9.2/../../../../avr/lib/avr6\libc.a(memmove.o)
                              lib/helius_microrl/microrl.o (memmove)
c:/program files (x86)/atmel/studio/7.0/toolchain/avr8/avr8-gnu-toolchain/bin/../lib/gcc/avr/4.9.2/../../../../avr/lib/avr6\libc.a(strcat.o)
                              src/rfid.o (strcat)
c:/program files (x86)/atmel/studio/7.0/toolchain/avr8/avr8-gnu-toolchain/bin/../lib/gcc/avr/4.9.2/../../../../avr/lib/avr6\libc.a(strcmp.o)
                              src/rfid.o (strcmp)
c:/program files (x86)/atmel/studio/7.0/toolchain/avr8/avr8-gnu-toolchain/bin/../lib/gcc/avr/4.9.2/../../../../avr/lib/avr6\libc.a(strcpy.o)
                              src/cli_microrl.o (strcpy)
c:/program files (x86)/atmel/studio/7.0/toolchain/avr8/avr8-gnu-toolchain/bin/../lib/gcc/avr/4.9.2/../../../../avr/lib/avr6\libc.a(fprintf.o)
                              src/print_helper.o (fprintf)
c:/program files (x86)/atmel/studio/7.0/toolchain/avr8/avr8-gnu-toolchain/bin/../lib/gcc/avr/4.9.2/../../../../avr/lib/avr6\libc.a(fprintf_p.o)
                              src/cli_microrl.o (fprintf_P)
c:/program files (x86)/atmel/studio/7.0/toolchain/avr8/avr8-gnu-toolchain/bin/../lib/gcc/avr/4.9.2/../../../../avr/lib/avr6\libc.a(fputc.o)
                              src/cli_microrl.o (fputc)
c:/program files (x86)/atmel/studio/7.0/toolchain/avr8/avr8-gnu-toolchain/bin/../lib/gcc/avr/4.9.2/../../../../avr/lib/avr6\libc.a(iob.o)
                              src/cli_microrl.o (__iob)
c:/program files (x86)/atmel/studio/7.0/toolchain/avr8/avr8-gnu-toolchain/bin/../lib/gcc/avr/4.9.2/../../../../avr/lib/avr6\libc.a(printf.o)
                              src/cli_microrl.o (printf)
c:/program files (x86)/atmel/studio/7.0/toolchain/avr8/avr8-gnu-toolchain/bin/../lib/gcc/avr/4.9.2/../../../../avr/lib/avr6\libc.a(printf_p.o)
                              src/cli_microrl.o (printf_P)
c:/program files (x86)/atmel/studio/7.0/toolchain/avr8/avr8-gnu-toolchain/bin/../lib/gcc/avr/4.9.2/../../../../avr/lib/avr6\libc.a(snprintf.o)
                              lib/helius_microrl/microrl.o (snprintf)
c:/program files (x86)/atmel/studio/7.0/toolchain/avr8/avr8-gnu-toolchain/bin/../lib/gcc/avr/4.9.2/../../../../avr/lib/avr6\libc.a(sprintf.o)
                              src/rfid.o (sprintf)
c:/program files (x86)/atmel/studio/7.0/toolchain/avr8/avr8-gnu-toolchain/bin/../lib/gcc/avr/4.9.2/../../../../avr/lib/avr6\libc.a(vfprintf_std.o)
                              c:/program files (x86)/atmel/studio/7.0/toolchain/avr8/avr8-gnu-toolchain/bin/../lib/gcc/avr/4.9.2/../../../../avr/lib/avr6\libc.a(fprintf.o) (vfprintf)
c:/program files (x86)/atmel/studio/7.0/toolchain/avr8/avr8-gnu-toolchain/bin/../lib/gcc/avr/4.9.2/../../../../avr/lib/avr6\libc.a(strnlen_P.o)
                              c:/program files (x86)/atmel/studio/7.0/toolchain/avr8/avr8-gnu-toolchain/bin/../lib/gcc/avr/4.9.2/../../../../avr/lib/avr6\libc.a(vfprintf_std.o) (strnlen_P)
c:/program files (x86)/atmel/studio/7.0/toolchain/avr8/avr8-gnu-toolchain/bin/../lib/gcc/avr/4.9.2/../../../../avr/lib/avr6\libc.a(strnlen.o)
                              c:/program files (x86)/atmel/studio/7.0/toolchain/avr8/avr8-gnu-toolchain/bin/../lib/gcc/avr/4.9.2/../../../../avr/lib/avr6\libc.a(vfprintf_std.o) (strnlen)
c:/program files (x86)/atmel/studio/7.0/toolchain/avr8/avr8-gnu-toolchain/bin/../lib/gcc/avr/4.9.2/../../../../avr/lib/avr6\libc.a(ultoa_invert.o)
                              c:/program files (x86)/atmel/studio/7.0/toolchain/avr8/avr8-gnu-toolchain/bin/../lib/gcc/avr/4.9.2/../../../../avr/lib/avr6\libc.a(vfprintf_std.o) (__ultoa_invert)

Allocating common symbols
Common symbol       size              file

rl                  0x71              src/main.o
__brkval            0x2               c:/program files (x86)/atmel/studio/7.0/toolchain/avr8/avr8-gnu-toolchain/bin/../lib/gcc/avr/4.9.2/../../../../avr/lib/avr6\libc.a(malloc.o)
system_time         0x4               src/main.o
__flp               0x2               c:/program files (x86)/atmel/studio/7.0/toolchain/avr8/avr8-gnu-toolchain/bin/../lib/gcc/avr/4.9.2/../../../../avr/lib/avr6\libc.a(malloc.o)
__iob               0x6               c:/program files (x86)/atmel/studio/7.0/toolchain/avr8/avr8-gnu-toolchain/bin/../lib/gcc/avr/4.9.2/../../../../avr/lib/avr6\libc.a(iob.o)

Discarded input sections

 .data          0x00000000        0x0 C:/Program Files (x86)/Atmel/Studio/7.0/Packs/atmel/ATmega_DFP/1.1.130/gcc/dev/atmega2560/avr6/crtatmega2560.o
 .bss           0x00000000        0x0 C:/Program Files (x86)/Atmel/Studio/7.0/Packs/atmel/ATmega_DFP/1.1.130/gcc/dev/atmega2560/avr6/crtatmega2560.o
 .text          0x00000000        0x0 lib/andygock_avr-uart/uart.o
 .data          0x00000000        0x0 lib/andygock_avr-uart/uart.o
 .bss           0x00000000        0x0 lib/andygock_avr-uart/uart.o
 .text.uart0_puts
                0x00000000       0x1e lib/andygock_avr-uart/uart.o
 .text.uart0_puts_p
                0x00000000       0x24 lib/andygock_avr-uart/uart.o
 .text.uart0_available
                0x00000000       0x18 lib/andygock_avr-uart/uart.o
 .text.uart0_flush
                0x00000000        0xa lib/andygock_avr-uart/uart.o
 .text.uart3_getc
                0x00000000       0x3a lib/andygock_avr-uart/uart.o
 .text.uart3_peek
                0x00000000       0x34 lib/andygock_avr-uart/uart.o
 .text.uart3_puts
                0x00000000       0x1e lib/andygock_avr-uart/uart.o
 .text.uart3_puts_p
                0x00000000       0x24 lib/andygock_avr-uart/uart.o
 .text.uart3_available
                0x00000000       0x18 lib/andygock_avr-uart/uart.o
 .text.uart3_flush
                0x00000000        0xa lib/andygock_avr-uart/uart.o
 .text          0x00000000        0x0 lib/andy_brown_memdebug/memdebug.o
 .data          0x00000000        0x0 lib/andy_brown_memdebug/memdebug.o
 .bss           0x00000000        0x0 lib/andy_brown_memdebug/memdebug.o
 .text          0x00000000        0x0 lib/hd44780_111/hd44780.o
 .data          0x00000000        0x0 lib/hd44780_111/hd44780.o
 .bss           0x00000000        0x0 lib/hd44780_111/hd44780.o
 .text.lcd_home
                0x00000000        0x8 lib/hd44780_111/hd44780.o
 .text          0x00000000        0x0 lib/helius_microrl/microrl.o
 .data          0x00000000        0x0 lib/helius_microrl/microrl.o
 .bss           0x00000000        0x0 lib/helius_microrl/microrl.o
 .text.microrl_set_complete_callback
                0x00000000        0xc lib/helius_microrl/microrl.o
 .text          0x00000000        0x0 lib/matejx_avr_lib/mfrc522.o
 .data          0x00000000        0x0 lib/matejx_avr_lib/mfrc522.o
 .bss           0x00000000        0x0 lib/matejx_avr_lib/mfrc522.o
 .text.PICC_WakeupA
                0x00000000        0xc lib/matejx_avr_lib/mfrc522.o
 .text.PICC_HaltA
                0x00000000       0x6e lib/matejx_avr_lib/mfrc522.o
 .text.PCD_Authenticate
                0x00000000       0x94 lib/matejx_avr_lib/mfrc522.o
 .text.PCD_StopCrypto1
                0x00000000        0xa lib/matejx_avr_lib/mfrc522.o
 .text.MIFARE_Read
                0x00000000       0x6a lib/matejx_avr_lib/mfrc522.o
 .text.PCD_MIFARE_Transceive
                0x00000000       0xde lib/matejx_avr_lib/mfrc522.o
 .text.MIFARE_Write
                0x00000000       0x58 lib/matejx_avr_lib/mfrc522.o
 .text          0x00000000        0x0 lib/matejx_avr_lib/spi.o
 .data          0x00000000        0x0 lib/matejx_avr_lib/spi.o
 .bss           0x00000000        0x0 lib/matejx_avr_lib/spi.o
 .text          0x00000000        0x0 src/cli_microrl.o
 .data          0x00000000        0x0 src/cli_microrl.o
 .bss           0x00000000        0x0 src/cli_microrl.o
 .text          0x00000000        0x0 src/hmi_msg.o
 .data          0x00000000        0x0 src/hmi_msg.o
 .bss           0x00000000        0x0 src/hmi_msg.o
 .text          0x00000000        0x0 src/main.o
 .data          0x00000000        0x0 src/main.o
 .bss           0x00000000        0x0 src/main.o
 .text          0x00000000        0x0 src/print_helper.o
 .data          0x00000000        0x0 src/print_helper.o
 .bss           0x00000000        0x0 src/print_helper.o
 .text          0x00000000        0x0 src/rfid.o
 .data          0x00000000        0x0 src/rfid.o
 .bss           0x00000000        0x0 src/rfid.o
 .text          0x00000000        0x0 src/uart-wrapper.o
 .data          0x00000000        0x0 src/uart-wrapper.o
 .bss           0x00000000        0x0 src/uart-wrapper.o
 .text          0x00000000        0x0 c:/program files (x86)/atmel/studio/7.0/toolchain/avr8/avr8-gnu-toolchain/bin/../lib/gcc/avr/4.9.2/avr6\libgcc.a(_exit.o)
 .data          0x00000000        0x0 c:/program files (x86)/atmel/studio/7.0/toolchain/avr8/avr8-gnu-toolchain/bin/../lib/gcc/avr/4.9.2/avr6\libgcc.a(_exit.o)
 .bss           0x00000000        0x0 c:/program files (x86)/atmel/studio/7.0/toolchain/avr8/avr8-gnu-toolchain/bin/../lib/gcc/avr/4.9.2/avr6\libgcc.a(_exit.o)
 .text.libgcc.mul
                0x00000000        0x0 c:/program files (x86)/atmel/studio/7.0/toolchain/avr8/avr8-gnu-toolchain/bin/../lib/gcc/avr/4.9.2/avr6\libgcc.a(_exit.o)
 .text.libgcc.div
                0x00000000        0x0 c:/program files (x86)/atmel/studio/7.0/toolchain/avr8/avr8-gnu-toolchain/bin/../lib/gcc/avr/4.9.2/avr6\libgcc.a(_exit.o)
 .text.libgcc   0x00000000        0x0 c:/program files (x86)/atmel/studio/7.0/toolchain/avr8/avr8-gnu-toolchain/bin/../lib/gcc/avr/4.9.2/avr6\libgcc.a(_exit.o)
 .text.libgcc.prologue
                0x00000000        0x0 c:/program files (x86)/atmel/studio/7.0/toolchain/avr8/avr8-gnu-toolchain/bin/../lib/gcc/avr/4.9.2/avr6\libgcc.a(_exit.o)
 .text.libgcc.builtins
                0x00000000        0x0 c:/program files (x86)/atmel/studio/7.0/toolchain/avr8/avr8-gnu-toolchain/bin/../lib/gcc/avr/4.9.2/avr6\libgcc.a(_exit.o)
 .text.libgcc.fmul
                0x00000000        0x0 c:/program files (x86)/atmel/studio/7.0/toolchain/avr8/avr8-gnu-toolchain/bin/../lib/gcc/avr/4.9.2/avr6\libgcc.a(_exit.o)
 .text.libgcc.fixed
                0x00000000        0x0 c:/program files (x86)/atmel/studio/7.0/toolchain/avr8/avr8-gnu-toolchain/bin/../lib/gcc/avr/4.9.2/avr6\libgcc.a(_exit.o)
 .text          0x00000000        0x0 c:/program files (x86)/atmel/studio/7.0/toolchain/avr8/avr8-gnu-toolchain/bin/../lib/gcc/avr/4.9.2/avr6\libgcc.a(_tablejump2.o)
 .data          0x00000000        0x0 c:/program files (x86)/atmel/studio/7.0/toolchain/avr8/avr8-gnu-toolchain/bin/../lib/gcc/avr/4.9.2/avr6\libgcc.a(_tablejump2.o)
 .bss           0x00000000        0x0 c:/program files (x86)/atmel/studio/7.0/toolchain/avr8/avr8-gnu-toolchain/bin/../lib/gcc/avr/4.9.2/avr6\libgcc.a(_tablejump2.o)
 .text.libgcc.mul
                0x00000000        0x0 c:/program files (x86)/atmel/studio/7.0/toolchain/avr8/avr8-gnu-toolchain/bin/../lib/gcc/avr/4.9.2/avr6\libgcc.a(_tablejump2.o)
 .text.libgcc.div
                0x00000000        0x0 c:/program files (x86)/atmel/studio/7.0/toolchain/avr8/avr8-gnu-toolchain/bin/../lib/gcc/avr/4.9.2/avr6\libgcc.a(_tablejump2.o)
 .text.libgcc.prologue
                0x00000000        0x0 c:/program files (x86)/atmel/studio/7.0/toolchain/avr8/avr8-gnu-toolchain/bin/../lib/gcc/avr/4.9.2/avr6\libgcc.a(_tablejump2.o)
 .text.libgcc.builtins
                0x00000000        0x0 c:/program files (x86)/atmel/studio/7.0/toolchain/avr8/avr8-gnu-toolchain/bin/../lib/gcc/avr/4.9.2/avr6\libgcc.a(_tablejump2.o)
 .text.libgcc.fmul
                0x00000000        0x0 c:/program files (x86)/atmel/studio/7.0/toolchain/avr8/avr8-gnu-toolchain/bin/../lib/gcc/avr/4.9.2/avr6\libgcc.a(_tablejump2.o)
 .text.libgcc.fixed
                0x00000000        0x0 c:/program files (x86)/atmel/studio/7.0/toolchain/avr8/avr8-gnu-toolchain/bin/../lib/gcc/avr/4.9.2/avr6\libgcc.a(_tablejump2.o)
 .text          0x00000000        0x0 c:/program files (x86)/atmel/studio/7.0/toolchain/avr8/avr8-gnu-toolchain/bin/../lib/gcc/avr/4.9.2/avr6\libgcc.a(_copy_data.o)
 .data          0x00000000        0x0 c:/program files (x86)/atmel/studio/7.0/toolchain/avr8/avr8-gnu-toolchain/bin/../lib/gcc/avr/4.9.2/avr6\libgcc.a(_copy_data.o)
 .bss           0x00000000        0x0 c:/program files (x86)/atmel/studio/7.0/toolchain/avr8/avr8-gnu-toolchain/bin/../lib/gcc/avr/4.9.2/avr6\libgcc.a(_copy_data.o)
 .text.libgcc.mul
                0x00000000        0x0 c:/program files (x86)/atmel/studio/7.0/toolchain/avr8/avr8-gnu-toolchain/bin/../lib/gcc/avr/4.9.2/avr6\libgcc.a(_copy_data.o)
 .text.libgcc.div
                0x00000000        0x0 c:/program files (x86)/atmel/studio/7.0/toolchain/avr8/avr8-gnu-toolchain/bin/../lib/gcc/avr/4.9.2/avr6\libgcc.a(_copy_data.o)
 .text.libgcc   0x00000000        0x0 c:/program files (x86)/atmel/studio/7.0/toolchain/avr8/avr8-gnu-toolchain/bin/../lib/gcc/avr/4.9.2/avr6\libgcc.a(_copy_data.o)
 .text.libgcc.prologue
                0x00000000        0x0 c:/program files (x86)/atmel/studio/7.0/toolchain/avr8/avr8-gnu-toolchain/bin/../lib/gcc/avr/4.9.2/avr6\libgcc.a(_copy_data.o)
 .text.libgcc.builtins
                0x00000000        0x0 c:/program files (x86)/atmel/studio/7.0/toolchain/avr8/avr8-gnu-toolchain/bin/../lib/gcc/avr/4.9.2/avr6\libgcc.a(_copy_data.o)
 .text.libgcc.fmul
                0x00000000        0x0 c:/program files (x86)/atmel/studio/7.0/toolchain/avr8/avr8-gnu-toolchain/bin/../lib/gcc/avr/4.9.2/avr6\libgcc.a(_copy_data.o)
 .text.libgcc.fixed
                0x00000000        0x0 c:/program files (x86)/atmel/studio/7.0/toolchain/avr8/avr8-gnu-toolchain/bin/../lib/gcc/avr/4.9.2/avr6\libgcc.a(_copy_data.o)
 .text          0x00000000        0x0 c:/program files (x86)/atmel/studio/7.0/toolchain/avr8/avr8-gnu-toolchain/bin/../lib/gcc/avr/4.9.2/avr6\libgcc.a(_clear_bss.o)
 .data          0x00000000        0x0 c:/program files (x86)/atmel/studio/7.0/toolchain/avr8/avr8-gnu-toolchain/bin/../lib/gcc/avr/4.9.2/avr6\libgcc.a(_clear_bss.o)
 .bss           0x00000000        0x0 c:/program files (x86)/atmel/studio/7.0/toolchain/avr8/avr8-gnu-toolchain/bin/../lib/gcc/avr/4.9.2/avr6\libgcc.a(_clear_bss.o)
 .text.libgcc.mul
                0x00000000        0x0 c:/program files (x86)/atmel/studio/7.0/toolchain/avr8/avr8-gnu-toolchain/bin/../lib/gcc/avr/4.9.2/avr6\libgcc.a(_clear_bss.o)
 .text.libgcc.div
                0x00000000        0x0 c:/program files (x86)/atmel/studio/7.0/toolchain/avr8/avr8-gnu-toolchain/bin/../lib/gcc/avr/4.9.2/avr6\libgcc.a(_clear_bss.o)
 .text.libgcc   0x00000000        0x0 c:/program files (x86)/atmel/studio/7.0/toolchain/avr8/avr8-gnu-toolchain/bin/../lib/gcc/avr/4.9.2/avr6\libgcc.a(_clear_bss.o)
 .text.libgcc.prologue
                0x00000000        0x0 c:/program files (x86)/atmel/studio/7.0/toolchain/avr8/avr8-gnu-toolchain/bin/../lib/gcc/avr/4.9.2/avr6\libgcc.a(_clear_bss.o)
 .text.libgcc.builtins
                0x00000000        0x0 c:/program files (x86)/atmel/studio/7.0/toolchain/avr8/avr8-gnu-toolchain/bin/../lib/gcc/avr/4.9.2/avr6\libgcc.a(_clear_bss.o)
 .text.libgcc.fmul
                0x00000000        0x0 c:/program files (x86)/atmel/studio/7.0/toolchain/avr8/avr8-gnu-toolchain/bin/../lib/gcc/avr/4.9.2/avr6\libgcc.a(_clear_bss.o)
 .text.libgcc.fixed
                0x00000000        0x0 c:/program files (x86)/atmel/studio/7.0/toolchain/avr8/avr8-gnu-toolchain/bin/../lib/gcc/avr/4.9.2/avr6\libgcc.a(_clear_bss.o)
 .text          0x00000000        0x0 c:/program files (x86)/atmel/studio/7.0/toolchain/avr8/avr8-gnu-toolchain/bin/../lib/gcc/avr/4.9.2/../../../../avr/lib/avr6\libc.a(assert.o)
 .data          0x00000000        0x0 c:/program files (x86)/atmel/studio/7.0/toolchain/avr8/avr8-gnu-toolchain/bin/../lib/gcc/avr/4.9.2/../../../../avr/lib/avr6\libc.a(assert.o)
 .bss           0x00000000        0x0 c:/program files (x86)/atmel/studio/7.0/toolchain/avr8/avr8-gnu-toolchain/bin/../lib/gcc/avr/4.9.2/../../../../avr/lib/avr6\libc.a(assert.o)
 .text          0x00000000        0x0 c:/program files (x86)/atmel/studio/7.0/toolchain/avr8/avr8-gnu-toolchain/bin/../lib/gcc/avr/4.9.2/../../../../avr/lib/avr6\libc.a(malloc.o)
 .bss           0x00000000        0x0 c:/program files (x86)/atmel/studio/7.0/toolchain/avr8/avr8-gnu-toolchain/bin/../lib/gcc/avr/4.9.2/../../../../avr/lib/avr6\libc.a(malloc.o)
 .text          0x00000000        0x0 c:/program files (x86)/atmel/studio/7.0/toolchain/avr8/avr8-gnu-toolchain/bin/../lib/gcc/avr/4.9.2/../../../../avr/lib/avr6\libc.a(abort.o)
 .data          0x00000000        0x0 c:/program files (x86)/atmel/studio/7.0/toolchain/avr8/avr8-gnu-toolchain/bin/../lib/gcc/avr/4.9.2/../../../../avr/lib/avr6\libc.a(abort.o)
 .bss           0x00000000        0x0 c:/program files (x86)/atmel/studio/7.0/toolchain/avr8/avr8-gnu-toolchain/bin/../lib/gcc/avr/4.9.2/../../../../avr/lib/avr6\libc.a(abort.o)
 .text          0x00000000        0x0 c:/program files (x86)/atmel/studio/7.0/toolchain/avr8/avr8-gnu-toolchain/bin/../lib/gcc/avr/4.9.2/../../../../avr/lib/avr6\libc.a(strcmp_P.o)
 .data          0x00000000        0x0 c:/program files (x86)/atmel/studio/7.0/toolchain/avr8/avr8-gnu-toolchain/bin/../lib/gcc/avr/4.9.2/../../../../avr/lib/avr6\libc.a(strcmp_P.o)
 .bss           0x00000000        0x0 c:/program files (x86)/atmel/studio/7.0/toolchain/avr8/avr8-gnu-toolchain/bin/../lib/gcc/avr/4.9.2/../../../../avr/lib/avr6\libc.a(strcmp_P.o)
 .text          0x00000000        0x0 c:/program files (x86)/atmel/studio/7.0/toolchain/avr8/avr8-gnu-toolchain/bin/../lib/gcc/avr/4.9.2/../../../../avr/lib/avr6\libc.a(strncmp_P.o)
 .data          0x00000000        0x0 c:/program files (x86)/atmel/studio/7.0/toolchain/avr8/avr8-gnu-toolchain/bin/../lib/gcc/avr/4.9.2/../../../../avr/lib/avr6\libc.a(strncmp_P.o)
 .bss           0x00000000        0x0 c:/program files (x86)/atmel/studio/7.0/toolchain/avr8/avr8-gnu-toolchain/bin/../lib/gcc/avr/4.9.2/../../../../avr/lib/avr6\libc.a(strncmp_P.o)
 .text          0x00000000        0x0 c:/program files (x86)/atmel/studio/7.0/toolchain/avr8/avr8-gnu-toolchain/bin/../lib/gcc/avr/4.9.2/../../../../avr/lib/avr6\libc.a(memcmp.o)
 .data          0x00000000        0x0 c:/program files (x86)/atmel/studio/7.0/toolchain/avr8/avr8-gnu-toolchain/bin/../lib/gcc/avr/4.9.2/../../../../avr/lib/avr6\libc.a(memcmp.o)
 .bss           0x00000000        0x0 c:/program files (x86)/atmel/studio/7.0/toolchain/avr8/avr8-gnu-toolchain/bin/../lib/gcc/avr/4.9.2/../../../../avr/lib/avr6\libc.a(memcmp.o)
 .text          0x00000000        0x0 c:/program files (x86)/atmel/studio/7.0/toolchain/avr8/avr8-gnu-toolchain/bin/../lib/gcc/avr/4.9.2/../../../../avr/lib/avr6\libc.a(memcpy.o)
 .data          0x00000000        0x0 c:/program files (x86)/atmel/studio/7.0/toolchain/avr8/avr8-gnu-toolchain/bin/../lib/gcc/avr/4.9.2/../../../../avr/lib/avr6\libc.a(memcpy.o)
 .bss           0x00000000        0x0 c:/program files (x86)/atmel/studio/7.0/toolchain/avr8/avr8-gnu-toolchain/bin/../lib/gcc/avr/4.9.2/../../../../avr/lib/avr6\libc.a(memcpy.o)
 .text          0x00000000        0x0 c:/program files (x86)/atmel/studio/7.0/toolchain/avr8/avr8-gnu-toolchain/bin/../lib/gcc/avr/4.9.2/../../../../avr/lib/avr6\libc.a(memmove.o)
 .data          0x00000000        0x0 c:/program files (x86)/atmel/studio/7.0/toolchain/avr8/avr8-gnu-toolchain/bin/../lib/gcc/avr/4.9.2/../../../../avr/lib/avr6\libc.a(memmove.o)
 .bss           0x00000000        0x0 c:/program files (x86)/atmel/studio/7.0/toolchain/avr8/avr8-gnu-toolchain/bin/../lib/gcc/avr/4.9.2/../../../../avr/lib/avr6\libc.a(memmove.o)
 .text          0x00000000        0x0 c:/program files (x86)/atmel/studio/7.0/toolchain/avr8/avr8-gnu-toolchain/bin/../lib/gcc/avr/4.9.2/../../../../avr/lib/avr6\libc.a(strcat.o)
 .data          0x00000000        0x0 c:/program files (x86)/atmel/studio/7.0/toolchain/avr8/avr8-gnu-toolchain/bin/../lib/gcc/avr/4.9.2/../../../../avr/lib/avr6\libc.a(strcat.o)
 .bss           0x00000000        0x0 c:/program files (x86)/atmel/studio/7.0/toolchain/avr8/avr8-gnu-toolchain/bin/../lib/gcc/avr/4.9.2/../../../../avr/lib/avr6\libc.a(strcat.o)
 .text          0x00000000        0x0 c:/program files (x86)/atmel/studio/7.0/toolchain/avr8/avr8-gnu-toolchain/bin/../lib/gcc/avr/4.9.2/../../../../avr/lib/avr6\libc.a(strcmp.o)
 .data          0x00000000        0x0 c:/program files (x86)/atmel/studio/7.0/toolchain/avr8/avr8-gnu-toolchain/bin/../lib/gcc/avr/4.9.2/../../../../avr/lib/avr6\libc.a(strcmp.o)
 .bss           0x00000000        0x0 c:/program files (x86)/atmel/studio/7.0/toolchain/avr8/avr8-gnu-toolchain/bin/../lib/gcc/avr/4.9.2/../../../../avr/lib/avr6\libc.a(strcmp.o)
 .text          0x00000000        0x0 c:/program files (x86)/atmel/studio/7.0/toolchain/avr8/avr8-gnu-toolchain/bin/../lib/gcc/avr/4.9.2/../../../../avr/lib/avr6\libc.a(strcpy.o)
 .data          0x00000000        0x0 c:/program files (x86)/atmel/studio/7.0/toolchain/avr8/avr8-gnu-toolchain/bin/../lib/gcc/avr/4.9.2/../../../../avr/lib/avr6\libc.a(strcpy.o)
 .bss           0x00000000        0x0 c:/program files (x86)/atmel/studio/7.0/toolchain/avr8/avr8-gnu-toolchain/bin/../lib/gcc/avr/4.9.2/../../../../avr/lib/avr6\libc.a(strcpy.o)
 .text          0x00000000        0x0 c:/program files (x86)/atmel/studio/7.0/toolchain/avr8/avr8-gnu-toolchain/bin/../lib/gcc/avr/4.9.2/../../../../avr/lib/avr6\libc.a(fprintf.o)
 .data          0x00000000        0x0 c:/program files (x86)/atmel/studio/7.0/toolchain/avr8/avr8-gnu-toolchain/bin/../lib/gcc/avr/4.9.2/../../../../avr/lib/avr6\libc.a(fprintf.o)
 .bss           0x00000000        0x0 c:/program files (x86)/atmel/studio/7.0/toolchain/avr8/avr8-gnu-toolchain/bin/../lib/gcc/avr/4.9.2/../../../../avr/lib/avr6\libc.a(fprintf.o)
 .text          0x00000000        0x0 c:/program files (x86)/atmel/studio/7.0/toolchain/avr8/avr8-gnu-toolchain/bin/../lib/gcc/avr/4.9.2/../../../../avr/lib/avr6\libc.a(fprintf_p.o)
 .data          0x00000000        0x0 c:/program files (x86)/atmel/studio/7.0/toolchain/avr8/avr8-gnu-toolchain/bin/../lib/gcc/avr/4.9.2/../../../../avr/lib/avr6\libc.a(fprintf_p.o)
 .bss           0x00000000        0x0 c:/program files (x86)/atmel/studio/7.0/toolchain/avr8/avr8-gnu-toolchain/bin/../lib/gcc/avr/4.9.2/../../../../avr/lib/avr6\libc.a(fprintf_p.o)
 .text          0x00000000        0x0 c:/program files (x86)/atmel/studio/7.0/toolchain/avr8/avr8-gnu-toolchain/bin/../lib/gcc/avr/4.9.2/../../../../avr/lib/avr6\libc.a(fputc.o)
 .data          0x00000000        0x0 c:/program files (x86)/atmel/studio/7.0/toolchain/avr8/avr8-gnu-toolchain/bin/../lib/gcc/avr/4.9.2/../../../../avr/lib/avr6\libc.a(fputc.o)
 .bss           0x00000000        0x0 c:/program files (x86)/atmel/studio/7.0/toolchain/avr8/avr8-gnu-toolchain/bin/../lib/gcc/avr/4.9.2/../../../../avr/lib/avr6\libc.a(fputc.o)
 .text          0x00000000        0x0 c:/program files (x86)/atmel/studio/7.0/toolchain/avr8/avr8-gnu-toolchain/bin/../lib/gcc/avr/4.9.2/../../../../avr/lib/avr6\libc.a(iob.o)
 .data          0x00000000        0x0 c:/program files (x86)/atmel/studio/7.0/toolchain/avr8/avr8-gnu-toolchain/bin/../lib/gcc/avr/4.9.2/../../../../avr/lib/avr6\libc.a(iob.o)
 .bss           0x00000000        0x0 c:/program files (x86)/atmel/studio/7.0/toolchain/avr8/avr8-gnu-toolchain/bin/../lib/gcc/avr/4.9.2/../../../../avr/lib/avr6\libc.a(iob.o)
 .text          0x00000000        0x0 c:/program files (x86)/atmel/studio/7.0/toolchain/avr8/avr8-gnu-toolchain/bin/../lib/gcc/avr/4.9.2/../../../../avr/lib/avr6\libc.a(printf.o)
 .data          0x00000000        0x0 c:/program files (x86)/atmel/studio/7.0/toolchain/avr8/avr8-gnu-toolchain/bin/../lib/gcc/avr/4.9.2/../../../../avr/lib/avr6\libc.a(printf.o)
 .bss           0x00000000        0x0 c:/program files (x86)/atmel/studio/7.0/toolchain/avr8/avr8-gnu-toolchain/bin/../lib/gcc/avr/4.9.2/../../../../avr/lib/avr6\libc.a(printf.o)
 .text          0x00000000        0x0 c:/program files (x86)/atmel/studio/7.0/toolchain/avr8/avr8-gnu-toolchain/bin/../lib/gcc/avr/4.9.2/../../../../avr/lib/avr6\libc.a(printf_p.o)
 .data          0x00000000        0x0 c:/program files (x86)/atmel/studio/7.0/toolchain/avr8/avr8-gnu-toolchain/bin/../lib/gcc/avr/4.9.2/../../../../avr/lib/avr6\libc.a(printf_p.o)
 .bss           0x00000000        0x0 c:/program files (x86)/atmel/studio/7.0/toolchain/avr8/avr8-gnu-toolchain/bin/../lib/gcc/avr/4.9.2/../../../../avr/lib/avr6\libc.a(printf_p.o)
 .text          0x00000000        0x0 c:/program files (x86)/atmel/studio/7.0/toolchain/avr8/avr8-gnu-toolchain/bin/../lib/gcc/avr/4.9.2/../../../../avr/lib/avr6\libc.a(snprintf.o)
 .data          0x00000000        0x0 c:/program files (x86)/atmel/studio/7.0/toolchain/avr8/avr8-gnu-toolchain/bin/../lib/gcc/avr/4.9.2/../../../../avr/lib/avr6\libc.a(snprintf.o)
 .bss           0x00000000        0x0 c:/program files (x86)/atmel/studio/7.0/toolchain/avr8/avr8-gnu-toolchain/bin/../lib/gcc/avr/4.9.2/../../../../avr/lib/avr6\libc.a(snprintf.o)
 .text          0x00000000        0x0 c:/program files (x86)/atmel/studio/7.0/toolchain/avr8/avr8-gnu-toolchain/bin/../lib/gcc/avr/4.9.2/../../../../avr/lib/avr6\libc.a(sprintf.o)
 .data          0x00000000        0x0 c:/program files (x86)/atmel/studio/7.0/toolchain/avr8/avr8-gnu-toolchain/bin/../lib/gcc/avr/4.9.2/../../../../avr/lib/avr6\libc.a(sprintf.o)
 .bss           0x00000000        0x0 c:/program files (x86)/atmel/studio/7.0/toolchain/avr8/avr8-gnu-toolchain/bin/../lib/gcc/avr/4.9.2/../../../../avr/lib/avr6\libc.a(sprintf.o)
 .text          0x00000000        0x0 c:/program files (x86)/atmel/studio/7.0/toolchain/avr8/avr8-gnu-toolchain/bin/../lib/gcc/avr/4.9.2/../../../../avr/lib/avr6\libc.a(vfprintf_std.o)
 .data          0x00000000        0x0 c:/program files (x86)/atmel/studio/7.0/toolchain/avr8/avr8-gnu-toolchain/bin/../lib/gcc/avr/4.9.2/../../../../avr/lib/avr6\libc.a(vfprintf_std.o)
 .bss           0x00000000        0x0 c:/program files (x86)/atmel/studio/7.0/toolchain/avr8/avr8-gnu-toolchain/bin/../lib/gcc/avr/4.9.2/../../../../avr/lib/avr6\libc.a(vfprintf_std.o)
 .text          0x00000000        0x0 c:/program files (x86)/atmel/studio/7.0/toolchain/avr8/avr8-gnu-toolchain/bin/../lib/gcc/avr/4.9.2/../../../../avr/lib/avr6\libc.a(strnlen_P.o)
 .data          0x00000000        0x0 c:/program files (x86)/atmel/studio/7.0/toolchain/avr8/avr8-gnu-toolchain/bin/../lib/gcc/avr/4.9.2/../../../../avr/lib/avr6\libc.a(strnlen_P.o)
 .bss           0x00000000        0x0 c:/program files (x86)/atmel/studio/7.0/toolchain/avr8/avr8-gnu-toolchain/bin/../lib/gcc/avr/4.9.2/../../../../avr/lib/avr6\libc.a(strnlen_P.o)
 .text          0x00000000        0x0 c:/program files (x86)/atmel/studio/7.0/toolchain/avr8/avr8-gnu-toolchain/bin/../lib/gcc/avr/4.9.2/../../../../avr/lib/avr6\libc.a(strnlen.o)
 .data          0x00000000        0x0 c:/program files (x86)/atmel/studio/7.0/toolchain/avr8/avr8-gnu-toolchain/bin/../lib/gcc/avr/4.9.2/../../../../avr/lib/avr6\libc.a(strnlen.o)
 .bss           0x00000000        0x0 c:/program files (x86)/atmel/studio/7.0/toolchain/avr8/avr8-gnu-toolchain/bin/../lib/gcc/avr/4.9.2/../../../../avr/lib/avr6\libc.a(strnlen.o)
 .text          0x00000000        0x0 c:/program files (x86)/atmel/studio/7.0/toolchain/avr8/avr8-gnu-toolchain/bin/../lib/gcc/avr/4.9.2/../../../../avr/lib/avr6\libc.a(ultoa_invert.o)
 .data          0x00000000        0x0 c:/program files (x86)/atmel/studio/7.0/toolchain/avr8/avr8-gnu-toolchain/bin/../lib/gcc/avr/4.9.2/../../../../avr/lib/avr6\libc.a(ultoa_invert.o)
 .bss           0x00000000        0x0 c:/program files (x86)/atmel/studio/7.0/toolchain/avr8/avr8-gnu-toolchain/bin/../lib/gcc/avr/4.9.2/../../../../avr/lib/avr6\libc.a(ultoa_invert.o)

Memory Configuration

Name             Origin             Length             Attributes
text             0x00000000         0x00100000         xr
data             0x00800200         0x0000fe00         rw !x
eeprom           0x00810000         0x00010000         rw !x
fuse             0x00820000         0x00000003         rw !x
lock             0x00830000         0x00000400         rw !x
signature        0x00840000         0x00000400         rw !x
user_signatures  0x00850000         0x00000400         rw !x
*default*        0x00000000         0xffffffff

Linker script and memory map

Address of section .data set to 0x800200
LOAD C:/Program Files (x86)/Atmel/Studio/7.0/Packs/atmel/ATmega_DFP/1.1.130/gcc/dev/atmega2560/avr6/crtatmega2560.o
LOAD lib/andygock_avr-uart/uart.o
LOAD lib/andy_brown_memdebug/memdebug.o
LOAD lib/hd44780_111/hd44780.o
LOAD lib/helius_microrl/microrl.o
LOAD lib/matejx_avr_lib/mfrc522.o
LOAD lib/matejx_avr_lib/spi.o
LOAD src/cli_microrl.o
LOAD src/hmi_msg.o
LOAD src/main.o
LOAD src/print_helper.o
LOAD src/rfid.o
LOAD src/uart-wrapper.o
START GROUP
LOAD c:/program files (x86)/atmel/studio/7.0/toolchain/avr8/avr8-gnu-toolchain/bin/../lib/gcc/avr/4.9.2/../../../../avr/lib/avr6\libm.a
END GROUP
START GROUP
LOAD c:/program files (x86)/atmel/studio/7.0/toolchain/avr8/avr8-gnu-toolchain/bin/../lib/gcc/avr/4.9.2/avr6\libgcc.a
LOAD c:/program files (x86)/atmel/studio/7.0/toolchain/avr8/avr8-gnu-toolchain/bin/../lib/gcc/avr/4.9.2/../../../../avr/lib/avr6\libm.a
LOAD c:/program files (x86)/atmel/studio/7.0/toolchain/avr8/avr8-gnu-toolchain/bin/../lib/gcc/avr/4.9.2/../../../../avr/lib/avr6\libc.a
LOAD C:/Program Files (x86)/Atmel/Studio/7.0/Packs/atmel/ATmega_DFP/1.1.130/gcc/dev/atmega2560/avr6\libatmega2560.a
END GROUP
                0x00100000                __TEXT_REGION_LENGTH__ = DEFINED (__TEXT_REGION_LENGTH__)?__TEXT_REGION_LENGTH__:0x100000
                0x0000fe00                __DATA_REGION_LENGTH__ = DEFINED (__DATA_REGION_LENGTH__)?__DATA_REGION_LENGTH__:0xfe00
                0x00010000                __EEPROM_REGION_LENGTH__ = DEFINED (__EEPROM_REGION_LENGTH__)?__EEPROM_REGION_LENGTH__:0x10000
                [0x00000003]                __FUSE_REGION_LENGTH__ = DEFINED (__FUSE_REGION_LENGTH__)?__FUSE_REGION_LENGTH__:0x400
                0x00000400                __LOCK_REGION_LENGTH__ = DEFINED (__LOCK_REGION_LENGTH__)?__LOCK_REGION_LENGTH__:0x400
                0x00000400                __SIGNATURE_REGION_LENGTH__ = DEFINED (__SIGNATURE_REGION_LENGTH__)?__SIGNATURE_REGION_LENGTH__:0x400
                0x00000400                __USER_SIGNATURE_REGION_LENGTH__ = DEFINED (__USER_SIGNATURE_REGION_LENGTH__)?__USER_SIGNATURE_REGION_LENGTH__:0x400

.hash
 *(.hash)

.dynsym
 *(.dynsym)

.dynstr
 *(.dynstr)

.gnu.version
 *(.gnu.version)

.gnu.version_d
 *(.gnu.version_d)

.gnu.version_r
 *(.gnu.version_r)

.rel.init
 *(.rel.init)

.rela.init
 *(.rela.init)

.rel.text
 *(.rel.text)
 *(.rel.text.*)
 *(.rel.gnu.linkonce.t*)

.rela.text
 *(.rela.text)
 *(.rela.text.*)
 *(.rela.gnu.linkonce.t*)

.rel.fini
 *(.rel.fini)

.rela.fini
 *(.rela.fini)

.rel.rodata
 *(.rel.rodata)
 *(.rel.rodata.*)
 *(.rel.gnu.linkonce.r*)

.rela.rodata
 *(.rela.rodata)
 *(.rela.rodata.*)
 *(.rela.gnu.linkonce.r*)

.rel.data
 *(.rel.data)
 *(.rel.data.*)
 *(.rel.gnu.linkonce.d*)

.rela.data
 *(.rela.data)
 *(.rela.data.*)
 *(.rela.gnu.linkonce.d*)

.rel.ctors
 *(.rel.ctors)

.rela.ctors
 *(.rela.ctors)

.rel.dtors
 *(.rel.dtors)

.rela.dtors
 *(.rela.dtors)

.rel.got
 *(.rel.got)

.rela.got
 *(.rela.got)

.rel.bss
 *(.rel.bss)

.rela.bss
 *(.rela.bss)

.rel.plt
 *(.rel.plt)

.rela.plt
 *(.rela.plt)

.text           0x00000000     0x37c0
 *(.vectors)
 .vectors       0x00000000       0xe4 C:/Program Files (x86)/Atmel/Studio/7.0/Packs/atmel/ATmega_DFP/1.1.130/gcc/dev/atmega2560/avr6/crtatmega2560.o
                0x00000000                __vector_default
                0x00000000                __vectors
 *(.vectors)
 *(.progmem.gcc*)
 .progmem.gcc_sw_table.microrl_insert_char
                0x000000e4       0xfe lib/helius_microrl/microrl.o
                0x000001e2                . = ALIGN (0x2)
                0x000001e2                __trampolines_start = .
 *(.trampolines)
 .trampolines   0x000001e2        0x0 linker stubs
 *(.trampolines*)
                0x000001e2                __trampolines_end = .
 *libprintf_flt.a:*(.progmem.data)
 *libc.a:*(.progmem.data)
 *(.progmem*)
 .progmem.data.__c.2693
                0x000001e2       0x1f src/cli_microrl.o
 .progmem.data.__c.2691
                0x00000201       0x1f src/cli_microrl.o
 .progmem.data.__c.2689
                0x00000220       0x1f src/cli_microrl.o
 .progmem.data.__c.2687
                0x0000023f       0x1f src/cli_microrl.o
 .progmem.data.__c.2685
                0x0000025e       0x13 src/cli_microrl.o
 .progmem.data.__c.2683
                0x00000271        0xb src/cli_microrl.o
 .progmem.data.__c.2681
                0x0000027c        0xd src/cli_microrl.o
 .progmem.data.__c.2679
                0x00000289        0xd src/cli_microrl.o
 .progmem.data.__c.2677
                0x00000296        0xd src/cli_microrl.o
 .progmem.data.__c.2675
                0x000002a3       0x20 src/cli_microrl.o
 .progmem.data.__c.2673
                0x000002c3        0xa src/cli_microrl.o
 .progmem.data.__c.2671
                0x000002cd        0xa src/cli_microrl.o
 .progmem.data.__c.2669
                0x000002d7       0x12 src/cli_microrl.o
 .progmem.data.__c.2653
                0x000002e9       0x19 src/cli_microrl.o
 .progmem.data.__c.2645
                0x00000302       0x19 src/cli_microrl.o
 .progmem.data.__c.2643
                0x0000031b        0x2 src/cli_microrl.o
 .progmem.data.__c.2637
                0x0000031d        0xb src/cli_microrl.o
 .progmem.data.__c.2635
                0x00000328       0x11 src/cli_microrl.o
 .progmem.data.__c.2633
                0x00000339       0x13 src/cli_microrl.o
 .progmem.data.__c.2626
                0x0000034c       0x39 src/cli_microrl.o
 .progmem.data.__c.2624
                0x00000385        0x2 src/cli_microrl.o
 .progmem.data.__c.2619
                0x00000387       0x32 src/cli_microrl.o
 .progmem.data.__c.2617
                0x000003b9        0x2 src/cli_microrl.o
 .progmem.data.__c.2603
                0x000003bb        0x4 src/cli_microrl.o
 .progmem.data.__c.2586
                0x000003bf        0x2 src/cli_microrl.o
 .progmem.data.__c.2579
                0x000003c1       0x2d src/cli_microrl.o
 .progmem.data.__c.2581
                0x000003ee        0x6 src/cli_microrl.o
 .progmem.data.__c.2571
                0x000003f4       0x1d src/cli_microrl.o
 .progmem.data.__c.2573
                0x00000411       0x16 src/cli_microrl.o
 .progmem.data.__c.2575
                0x00000427        0xc src/cli_microrl.o
 .progmem.data.__c.2577
                0x00000433        0x9 src/cli_microrl.o
 .progmem.data.__c.2563
                0x0000043c        0x2 src/cli_microrl.o
 .progmem.data.__c.2561
                0x0000043e        0x4 src/cli_microrl.o
 .progmem.data.__c.2558
                0x00000442       0x17 src/cli_microrl.o
 .progmem.data.__c.2556
                0x00000459        0x2 src/cli_microrl.o
 .progmem.data.mem_help
                0x0000045b       0x38 src/hmi_msg.o
                0x0000045b                mem_help
 .progmem.data.mem_cmd
                0x00000493        0x4 src/hmi_msg.o
                0x00000493                mem_cmd
 .progmem.data.access_denied_msg
                0x00000497        0xf src/hmi_msg.o
                0x00000497                access_denied_msg
 .progmem.data.print_help
                0x000004a6       0x1e src/hmi_msg.o
                0x000004a6                print_help
 .progmem.data.print_cmd
                0x000004c4        0x6 src/hmi_msg.o
                0x000004c4                print_cmd
 .progmem.data.remove_help
                0x000004ca       0x36 src/hmi_msg.o
                0x000004ca                remove_help
 .progmem.data.remove_cmd
                0x00000500        0x7 src/hmi_msg.o
                0x00000500                remove_cmd
 .progmem.data.add_help
                0x00000507       0x37 src/hmi_msg.o
                0x00000507                add_help
 .progmem.data.add_cmd
                0x0000053e        0x4 src/hmi_msg.o
                0x0000053e                add_cmd
 .progmem.data.read_help
                0x00000542       0x23 src/hmi_msg.o
                0x00000542                read_help
 .progmem.data.read_cmd
                0x00000565        0x5 src/hmi_msg.o
                0x00000565                read_cmd
 .progmem.data.month_help
                0x0000056a       0x3c src/hmi_msg.o
                0x0000056a                month_help
 .progmem.data.month_cmd
                0x000005a6        0x6 src/hmi_msg.o
                0x000005a6                month_cmd
 .progmem.data.ascii_help
                0x000005ac       0x13 src/hmi_msg.o
                0x000005ac                ascii_help
 .progmem.data.ascii_cmd
                0x000005bf        0x6 src/hmi_msg.o
                0x000005bf                ascii_cmd
 .progmem.data.ver_help
                0x000005c5       0x11 src/hmi_msg.o
                0x000005c5                ver_help
 .progmem.data.ver_cmd
                0x000005d6        0x8 src/hmi_msg.o
                0x000005d6                ver_cmd
 .progmem.data.help_help
                0x000005de        0x9 src/hmi_msg.o
                0x000005de                help_help
 .progmem.data.help_cmd
                0x000005e7        0x5 src/hmi_msg.o
                0x000005e7                help_cmd
 .progmem.data.months
                0x000005ec        0xc src/hmi_msg.o
                0x000005ec                months
 .progmem.data.string_6
                0x000005f8        0x5 src/hmi_msg.o
 .progmem.data.string_5
                0x000005fd        0x4 src/hmi_msg.o
 .progmem.data.string_4
                0x00000601        0x6 src/hmi_msg.o
 .progmem.data.string_3
                0x00000607        0x6 src/hmi_msg.o
 .progmem.data.string_2
                0x0000060d        0x9 src/hmi_msg.o
 .progmem.data.string_1
                0x00000616        0x8 src/hmi_msg.o
 .progmem.data.__c.2462
                0x0000061e        0xf src/main.o
 .progmem.data.__c.2448
                0x0000062d       0x11 src/main.o
 .progmem.data.__c.2446
                0x0000063e       0x87 src/main.o
 .progmem.data.__c.2444
                0x000006c5       0x11 src/main.o
 .progmem.data.__c.2250
                0x000006d6       0x30 src/rfid.o
 .progmem.data.__c.2245
                0x00000706        0x2 src/rfid.o
 .progmem.data.__c.2243
                0x00000708        0x9 src/rfid.o
 .progmem.data.__c.2241
                0x00000711       0x15 src/rfid.o
 .progmem.data.__c.2239
                0x00000726        0x2 src/rfid.o
 .progmem.data.__c.2237
                0x00000728        0x9 src/rfid.o
 .progmem.data.__c.2235
                0x00000731       0x15 src/rfid.o
 .progmem.data.__c.2229
                0x00000746       0x16 src/rfid.o
 .progmem.data.__c.2212
                0x0000075c        0xc src/rfid.o
 .progmem.data.__c.2206
                0x00000768       0x52 src/rfid.o
 .progmem.data.__c.2202
                0x000007ba       0x45 src/rfid.o
 .progmem.data.__c.2193
                0x000007ff       0x18 src/rfid.o
 .progmem.data.__c.2189
                0x00000817       0x16 src/rfid.o
 .progmem.data.__c.2184
                0x0000082d        0x2 src/rfid.o
 .progmem.data.__c.2182
                0x0000082f        0x9 src/rfid.o
 .progmem.data.__c.2176
                0x00000838        0x4 src/rfid.o
 .progmem.data.__c.2174
                0x0000083c        0x7 src/rfid.o
                0x00000844                . = ALIGN (0x2)
 *fill*         0x00000843        0x1 
 *(.jumptables)
 *(.jumptables*)
 *(.lowtext)
 *(.lowtext*)
                0x00000844                __ctors_start = .
 *(.ctors)
                0x00000844                __ctors_end = .
                0x00000844                __dtors_start = .
 *(.dtors)
                0x00000844                __dtors_end = .
 SORT(*)(.ctors)
 SORT(*)(.dtors)
 *(.init0)
 .init0         0x00000844        0x0 C:/Program Files (x86)/Atmel/Studio/7.0/Packs/atmel/ATmega_DFP/1.1.130/gcc/dev/atmega2560/avr6/crtatmega2560.o
                0x00000844                __init
 *(.init0)
 *(.init1)
 *(.init1)
 *(.init2)
 .init2         0x00000844       0x10 C:/Program Files (x86)/Atmel/Studio/7.0/Packs/atmel/ATmega_DFP/1.1.130/gcc/dev/atmega2560/avr6/crtatmega2560.o
 *(.init2)
 *(.init3)
 *(.init3)
 *(.init4)
 .init4         0x00000854       0x1a c:/program files (x86)/atmel/studio/7.0/toolchain/avr8/avr8-gnu-toolchain/bin/../lib/gcc/avr/4.9.2/avr6\libgcc.a(_copy_data.o)
                0x00000854                __do_copy_data
 .init4         0x0000086e       0x10 c:/program files (x86)/atmel/studio/7.0/toolchain/avr8/avr8-gnu-toolchain/bin/../lib/gcc/avr/4.9.2/avr6\libgcc.a(_clear_bss.o)
                0x0000086e                __do_clear_bss
 *(.init4)
 *(.init5)
 *(.init5)
 *(.init6)
 *(.init6)
 *(.init7)
 *(.init7)
 *(.init8)
 *(.init8)
 *(.init9)
 .init9         0x0000087e        0x8 C:/Program Files (x86)/Atmel/Studio/7.0/Packs/atmel/ATmega_DFP/1.1.130/gcc/dev/atmega2560/avr6/crtatmega2560.o
 *(.init9)
 *(.text)
 .text          0x00000886        0x2 C:/Program Files (x86)/Atmel/Studio/7.0/Packs/atmel/ATmega_DFP/1.1.130/gcc/dev/atmega2560/avr6/crtatmega2560.o
                0x00000886                __vector_38
                0x00000886                __vector_22
                0x00000886                __vector_28
                0x00000886                __vector_1
                0x00000886                __vector_32
                0x00000886                __vector_34
                0x00000886                __vector_12
                0x00000886                __vector_46
                0x00000886                __bad_interrupt
                0x00000886                __vector_6
                0x00000886                __vector_31
                0x00000886                __vector_35
                0x00000886                __vector_39
                0x00000886                __vector_3
                0x00000886                __vector_23
                0x00000886                __vector_30
                0x00000886                __vector_45
                0x00000886                __vector_11
                0x00000886                __vector_13
                0x00000886                __vector_17
                0x00000886                __vector_19
                0x00000886                __vector_56
                0x00000886                __vector_7
                0x00000886                __vector_49
                0x00000886                __vector_41
                0x00000886                __vector_43
                0x00000886                __vector_27
                0x00000886                __vector_5
                0x00000886                __vector_33
                0x00000886                __vector_52
                0x00000886                __vector_37
                0x00000886                __vector_4
                0x00000886                __vector_44
                0x00000886                __vector_51
                0x00000886                __vector_9
                0x00000886                __vector_2
                0x00000886                __vector_21
                0x00000886                __vector_15
                0x00000886                __vector_36
                0x00000886                __vector_29
                0x00000886                __vector_40
                0x00000886                __vector_8
                0x00000886                __vector_48
                0x00000886                __vector_14
                0x00000886                __vector_53
                0x00000886                __vector_10
                0x00000886                __vector_50
                0x00000886                __vector_16
                0x00000886                __vector_18
                0x00000886                __vector_20
                0x00000886                __vector_42
                0x00000888                . = ALIGN (0x2)
 *(.text.*)
 .text.__vector_25
                0x00000888       0x72 lib/andygock_avr-uart/uart.o
                0x00000888                __vector_25
 .text.__vector_26
                0x000008fa       0x60 lib/andygock_avr-uart/uart.o
                0x000008fa                __vector_26
 .text.uart0_init
                0x0000095a       0x32 lib/andygock_avr-uart/uart.o
                0x0000095a                uart0_init
 .text.uart0_getc
                0x0000098c       0x3a lib/andygock_avr-uart/uart.o
                0x0000098c                uart0_getc
 .text.uart0_peek
                0x000009c6       0x34 lib/andygock_avr-uart/uart.o
                0x000009c6                uart0_peek
 .text.uart0_putc
                0x000009fa       0x32 lib/andygock_avr-uart/uart.o
                0x000009fa                uart0_putc
 .text.__vector_54
                0x00000a2c       0x72 lib/andygock_avr-uart/uart.o
                0x00000a2c                __vector_54
 .text.__vector_55
                0x00000a9e       0x60 lib/andygock_avr-uart/uart.o
                0x00000a9e                __vector_55
 .text.uart3_init
                0x00000afe       0x32 lib/andygock_avr-uart/uart.o
                0x00000afe                uart3_init
 .text.uart3_putc
                0x00000b30       0x32 lib/andygock_avr-uart/uart.o
                0x00000b30                uart3_putc
 .text.getMemoryUsed
                0x00000b62       0x4e lib/andy_brown_memdebug/memdebug.o
                0x00000b62                getMemoryUsed
 .text.getFreeMemory
                0x00000bb0       0x30 lib/andy_brown_memdebug/memdebug.o
                0x00000bb0                getFreeMemory
 .text.getLargestBlockInFreeList
                0x00000be0       0x2e lib/andy_brown_memdebug/memdebug.o
                0x00000be0                getLargestBlockInFreeList
 .text.getNumberOfBlocksInFreeList
                0x00000c0e       0x24 lib/andy_brown_memdebug/memdebug.o
                0x00000c0e                getNumberOfBlocksInFreeList
 .text.getFreeListSize
                0x00000c32       0x2e lib/andy_brown_memdebug/memdebug.o
                0x00000c32                getFreeListSize
 .text.getLargestNonFreeListBlock
                0x00000c60       0x44 lib/andy_brown_memdebug/memdebug.o
                0x00000c60                getLargestNonFreeListBlock
 .text.getLargestAvailableMemoryBlock
                0x00000ca4       0x18 lib/andy_brown_memdebug/memdebug.o
                0x00000ca4                getLargestAvailableMemoryBlock
 .text.lcd_write
                0x00000cbc      0x10a lib/hd44780_111/hd44780.o
 .text.lcd_command
                0x00000dc6        0x6 lib/hd44780_111/hd44780.o
                0x00000dc6                lcd_command
 .text.lcd_goto
                0x00000dcc       0x26 lib/hd44780_111/hd44780.o
                0x00000dcc                lcd_goto
 .text.lcd_clrscr
                0x00000df2        0x6 lib/hd44780_111/hd44780.o
                0x00000df2                lcd_clrscr
 .text.lcd_putc
                0x00000df8        0x6 lib/hd44780_111/hd44780.o
                0x00000df8                lcd_putc
 .text.lcd_puts
                0x00000dfe       0x1e lib/hd44780_111/hd44780.o
                0x00000dfe                lcd_puts
 .text.lcd_puts_P
                0x00000e1c       0x22 lib/hd44780_111/hd44780.o
                0x00000e1c                lcd_puts_P
 .text.lcd_init
                0x00000e3e      0x12a lib/hd44780_111/hd44780.o
                0x00000e3e                lcd_init
 .text.lcd_clr  0x00000f68       0x38 lib/hd44780_111/hd44780.o
                0x00000f68                lcd_clr
 .text.terminal_reset_cursor
                0x00000fa0       0x7a lib/helius_microrl/microrl.o
 .text.terminal_move_cursor
                0x0000101a       0xae lib/helius_microrl/microrl.o
 .text.terminal_print_line
                0x000010c8       0xc8 lib/helius_microrl/microrl.o
 .text.microrl_backspace
                0x00001190       0x8e lib/helius_microrl/microrl.o
 .text.microrl_init
                0x0000121e       0x4e lib/helius_microrl/microrl.o
                0x0000121e                microrl_init
 .text.microrl_set_execute_callback
                0x0000126c        0xc lib/helius_microrl/microrl.o
                0x0000126c                microrl_set_execute_callback
 .text.new_line_handler
                0x00001278      0x15c lib/helius_microrl/microrl.o
                0x00001278                new_line_handler
 .text.microrl_insert_char
                0x000013d4      0x212 lib/helius_microrl/microrl.o
                0x000013d4                microrl_insert_char
 .text.MFRC522_init
                0x000015e6       0x1e lib/matejx_avr_lib/mfrc522.o
                0x000015e6                MFRC522_init
 .text.PCD_WriteRegister
                0x00001604       0x14 lib/matejx_avr_lib/mfrc522.o
                0x00001604                PCD_WriteRegister
 .text.PCD_WriteRegister2
                0x00001618       0x44 lib/matejx_avr_lib/mfrc522.o
                0x00001618                PCD_WriteRegister2
 .text.PCD_ReadRegister
                0x0000165c       0x10 lib/matejx_avr_lib/mfrc522.o
                0x0000165c                PCD_ReadRegister
 .text.PCD_ReadRegister2
                0x0000166c       0xc4 lib/matejx_avr_lib/mfrc522.o
                0x0000166c                PCD_ReadRegister2
 .text.PCD_SetRegisterBitMask
                0x00001730       0x18 lib/matejx_avr_lib/mfrc522.o
                0x00001730                PCD_SetRegisterBitMask
 .text.PCD_ClearRegisterBitMask
                0x00001748       0x1a lib/matejx_avr_lib/mfrc522.o
                0x00001748                PCD_ClearRegisterBitMask
 .text.PCD_CalculateCRC
                0x00001762       0x6e lib/matejx_avr_lib/mfrc522.o
                0x00001762                PCD_CalculateCRC
 .text.PCD_Reset
                0x000017d0       0x34 lib/matejx_avr_lib/mfrc522.o
                0x000017d0                PCD_Reset
 .text.PCD_AntennaOn
                0x00001804       0x16 lib/matejx_avr_lib/mfrc522.o
                0x00001804                PCD_AntennaOn
 .text.PCD_Init
                0x0000181a       0x54 lib/matejx_avr_lib/mfrc522.o
                0x0000181a                PCD_Init
 .text.PCD_CommunicateWithPICC
                0x0000186e      0x1b6 lib/matejx_avr_lib/mfrc522.o
                0x0000186e                PCD_CommunicateWithPICC
 .text.PCD_TransceiveData
                0x00001a24       0x36 lib/matejx_avr_lib/mfrc522.o
                0x00001a24                PCD_TransceiveData
 .text.PICC_REQA_or_WUPA
                0x00001a5a       0x8a lib/matejx_avr_lib/mfrc522.o
                0x00001a5a                PICC_REQA_or_WUPA
 .text.PICC_RequestA
                0x00001ae4        0xa lib/matejx_avr_lib/mfrc522.o
                0x00001ae4                PICC_RequestA
 .text.PICC_Select
                0x00001aee      0x37e lib/matejx_avr_lib/mfrc522.o
                0x00001aee                PICC_Select
 .text.PICC_IsNewCardPresent
                0x00001e6c       0x32 lib/matejx_avr_lib/mfrc522.o
                0x00001e6c                PICC_IsNewCardPresent
 .text.PICC_ReadCardSerial
                0x00001e9e       0x10 lib/matejx_avr_lib/mfrc522.o
                0x00001e9e                PICC_ReadCardSerial
 .text.spi_init
                0x00001eae       0x1e lib/matejx_avr_lib/spi.o
                0x00001eae                spi_init
 .text.spi_rw   0x00001ecc       0x12 lib/matejx_avr_lib/spi.o
                0x00001ecc                spi_rw
 .text.__vector_24
                0x00001ede       0x14 lib/matejx_avr_lib/spi.o
                0x00001ede                __vector_24
 .text.cli_print_help
                0x00001ef2       0xa2 src/cli_microrl.o
                0x00001ef2                cli_print_help
 .text.cli_print_ascii_tbls
                0x00001f94       0x7a src/cli_microrl.o
                0x00001f94                cli_print_ascii_tbls
 .text.cli_handle_month
                0x0000200e       0xcc src/cli_microrl.o
                0x0000200e                cli_handle_month
 .text.cli_rfid_read
                0x000020da       0xe6 src/cli_microrl.o
                0x000020da                cli_rfid_read
 .text.cli_rfid_add
                0x000021c0       0x90 src/cli_microrl.o
                0x000021c0                cli_rfid_add
 .text.cli_rfid_remove
                0x00002250        0xa src/cli_microrl.o
                0x00002250                cli_rfid_remove
 .text.cli_rfid_print
                0x0000225a        0x4 src/cli_microrl.o
                0x0000225a                cli_rfid_print
 .text.cli_mem_stat
                0x0000225e      0x132 src/cli_microrl.o
                0x0000225e                cli_mem_stat
 .text.cli_print
                0x00002390       0x18 src/cli_microrl.o
                0x00002390                cli_print
 .text.cli_get_char
                0x000023a8       0x14 src/cli_microrl.o
                0x000023a8                cli_get_char
 .text.print_version
                0x000023bc       0x5a src/cli_microrl.o
                0x000023bc                print_version
 .text.cli_print_ver
                0x00002416       0x1a src/cli_microrl.o
                0x00002416                cli_print_ver
 .text.cli_print_cmd_error
                0x00002430       0x1e src/cli_microrl.o
                0x00002430                cli_print_cmd_error
 .text.cli_print_cmd_arg_error
                0x0000244e       0x1e src/cli_microrl.o
                0x0000244e                cli_print_cmd_arg_error
 .text.cli_execute
                0x0000246c       0xba src/cli_microrl.o
                0x0000246c                cli_execute
 .text.main     0x00002526      0x276 src/main.o
                0x00002526                main
 .text.__vector_47
                0x0000279c       0x4a src/main.o
                0x0000279c                __vector_47
 .text.print_ascii_tbl
                0x000027e6       0x62 src/print_helper.o
                0x000027e6                print_ascii_tbl
 .text.print_for_human
                0x00002848       0xb8 src/print_helper.o
                0x00002848                print_for_human
 .text.rfid_print_card_info
                0x00002900       0xc0 src/rfid.o
                0x00002900                rfid_print_card_info
 .text.rfid_print_card_list
                0x000029c0       0x70 src/rfid.o
                0x000029c0                rfid_print_card_list
 .text.rfid_find_card
                0x00002a30       0x4e src/rfid.o
                0x00002a30                rfid_find_card
 .text.rfid_add_card
                0x00002a7e       0xce src/rfid.o
                0x00002a7e                rfid_add_card
 .text.rfid_remove_card_by_uid
                0x00002b4c      0x1c6 src/rfid.o
                0x00002b4c                rfid_remove_card_by_uid
 .text.uart0_getchar
                0x00002d12       0x12 src/uart-wrapper.o
 .text.uart0_putchar
                0x00002d24       0x1c src/uart-wrapper.o
 .text.uart3_putchar
                0x00002d40       0x1c src/uart-wrapper.o
 .text.libgcc   0x00002d5c       0x10 c:/program files (x86)/atmel/studio/7.0/toolchain/avr8/avr8-gnu-toolchain/bin/../lib/gcc/avr/4.9.2/avr6\libgcc.a(_tablejump2.o)
                0x00002d5c                __tablejump2__
 .text.avr-libc
                0x00002d6c       0x68 c:/program files (x86)/atmel/studio/7.0/toolchain/avr8/avr8-gnu-toolchain/bin/../lib/gcc/avr/4.9.2/../../../../avr/lib/avr6\libc.a(assert.o)
                0x00002d6c                __assert
 .text.avr-libc
                0x00002dd4      0x25a c:/program files (x86)/atmel/studio/7.0/toolchain/avr8/avr8-gnu-toolchain/bin/../lib/gcc/avr/4.9.2/../../../../avr/lib/avr6\libc.a(malloc.o)
                0x00002dd4                malloc
                0x00002efe                free
 .text.avr-libc
                0x0000302e        0x8 c:/program files (x86)/atmel/studio/7.0/toolchain/avr8/avr8-gnu-toolchain/bin/../lib/gcc/avr/4.9.2/../../../../avr/lib/avr6\libc.a(abort.o)
                0x0000302e                abort
 .text.avr-libc
                0x00003036       0x12 c:/program files (x86)/atmel/studio/7.0/toolchain/avr8/avr8-gnu-toolchain/bin/../lib/gcc/avr/4.9.2/../../../../avr/lib/avr6\libc.a(strcmp_P.o)
                0x00003036                strcmp_P
 .text.avr-libc
                0x00003048       0x1c c:/program files (x86)/atmel/studio/7.0/toolchain/avr8/avr8-gnu-toolchain/bin/../lib/gcc/avr/4.9.2/../../../../avr/lib/avr6\libc.a(strncmp_P.o)
                0x00003048                strncmp_P
 .text.avr-libc
                0x00003064       0x1a c:/program files (x86)/atmel/studio/7.0/toolchain/avr8/avr8-gnu-toolchain/bin/../lib/gcc/avr/4.9.2/../../../../avr/lib/avr6\libc.a(memcmp.o)
                0x00003064                memcmp
 .text.avr-libc
                0x0000307e       0x12 c:/program files (x86)/atmel/studio/7.0/toolchain/avr8/avr8-gnu-toolchain/bin/../lib/gcc/avr/4.9.2/../../../../avr/lib/avr6\libc.a(memcpy.o)
                0x0000307e                memcpy
 .text.avr-libc
                0x00003090       0x22 c:/program files (x86)/atmel/studio/7.0/toolchain/avr8/avr8-gnu-toolchain/bin/../lib/gcc/avr/4.9.2/../../../../avr/lib/avr6\libc.a(memmove.o)
                0x00003090                memmove
 .text.avr-libc
                0x000030b2       0x16 c:/program files (x86)/atmel/studio/7.0/toolchain/avr8/avr8-gnu-toolchain/bin/../lib/gcc/avr/4.9.2/../../../../avr/lib/avr6\libc.a(strcat.o)
                0x000030b2                strcat
 .text.avr-libc
                0x000030c8       0x12 c:/program files (x86)/atmel/studio/7.0/toolchain/avr8/avr8-gnu-toolchain/bin/../lib/gcc/avr/4.9.2/../../../../avr/lib/avr6\libc.a(strcmp.o)
                0x000030c8                strcmp
 .text.avr-libc
                0x000030da        0xe c:/program files (x86)/atmel/studio/7.0/toolchain/avr8/avr8-gnu-toolchain/bin/../lib/gcc/avr/4.9.2/../../../../avr/lib/avr6\libc.a(strcpy.o)
                0x000030da                strcpy
 .text.avr-libc
                0x000030e8       0x1e c:/program files (x86)/atmel/studio/7.0/toolchain/avr8/avr8-gnu-toolchain/bin/../lib/gcc/avr/4.9.2/../../../../avr/lib/avr6\libc.a(fprintf.o)
                0x000030e8                fprintf
 .text.avr-libc
                0x00003106       0x38 c:/program files (x86)/atmel/studio/7.0/toolchain/avr8/avr8-gnu-toolchain/bin/../lib/gcc/avr/4.9.2/../../../../avr/lib/avr6\libc.a(fprintf_p.o)
                0x00003106                fprintf_P
 .text.avr-libc
                0x0000313e       0x70 c:/program files (x86)/atmel/studio/7.0/toolchain/avr8/avr8-gnu-toolchain/bin/../lib/gcc/avr/4.9.2/../../../../avr/lib/avr6\libc.a(fputc.o)
                0x0000313e                fputc
 .text.avr-libc
                0x000031ae       0x26 c:/program files (x86)/atmel/studio/7.0/toolchain/avr8/avr8-gnu-toolchain/bin/../lib/gcc/avr/4.9.2/../../../../avr/lib/avr6\libc.a(printf.o)
                0x000031ae                printf
 .text.avr-libc
                0x000031d4       0x4e c:/program files (x86)/atmel/studio/7.0/toolchain/avr8/avr8-gnu-toolchain/bin/../lib/gcc/avr/4.9.2/../../../../avr/lib/avr6\libc.a(printf_p.o)
                0x000031d4                printf_P
 .text.avr-libc
                0x00003222       0x78 c:/program files (x86)/atmel/studio/7.0/toolchain/avr8/avr8-gnu-toolchain/bin/../lib/gcc/avr/4.9.2/../../../../avr/lib/avr6\libc.a(snprintf.o)
                0x00003222                snprintf
 .text.avr-libc
                0x0000329a       0x5e c:/program files (x86)/atmel/studio/7.0/toolchain/avr8/avr8-gnu-toolchain/bin/../lib/gcc/avr/4.9.2/../../../../avr/lib/avr6\libc.a(sprintf.o)
                0x0000329a                sprintf
 .text.avr-libc
                0x000032f8      0x3dc c:/program files (x86)/atmel/studio/7.0/toolchain/avr8/avr8-gnu-toolchain/bin/../lib/gcc/avr/4.9.2/../../../../avr/lib/avr6\libc.a(vfprintf_std.o)
                0x000032f8                vfprintf
 .text.avr-libc
                0x000036d4       0x16 c:/program files (x86)/atmel/studio/7.0/toolchain/avr8/avr8-gnu-toolchain/bin/../lib/gcc/avr/4.9.2/../../../../avr/lib/avr6\libc.a(strnlen_P.o)
                0x000036d4                strnlen_P
 .text.avr-libc
                0x000036ea       0x16 c:/program files (x86)/atmel/studio/7.0/toolchain/avr8/avr8-gnu-toolchain/bin/../lib/gcc/avr/4.9.2/../../../../avr/lib/avr6\libc.a(strnlen.o)
                0x000036ea                strnlen
 .text.avr-libc
                0x00003700       0xbc c:/program files (x86)/atmel/studio/7.0/toolchain/avr8/avr8-gnu-toolchain/bin/../lib/gcc/avr/4.9.2/../../../../avr/lib/avr6\libc.a(ultoa_invert.o)
                0x00003700                __ultoa_invert
                0x000037bc                . = ALIGN (0x2)
 *(.fini9)
 .fini9         0x000037bc        0x0 c:/program files (x86)/atmel/studio/7.0/toolchain/avr8/avr8-gnu-toolchain/bin/../lib/gcc/avr/4.9.2/avr6\libgcc.a(_exit.o)
                0x000037bc                _exit
                0x000037bc                exit
 *(.fini9)
 *(.fini8)
 *(.fini8)
 *(.fini7)
 *(.fini7)
 *(.fini6)
 *(.fini6)
 *(.fini5)
 *(.fini5)
 *(.fini4)
 *(.fini4)
 *(.fini3)
 *(.fini3)
 *(.fini2)
 *(.fini2)
 *(.fini1)
 *(.fini1)
 *(.fini0)
 .fini0         0x000037bc        0x4 c:/program files (x86)/atmel/studio/7.0/toolchain/avr8/avr8-gnu-toolchain/bin/../lib/gcc/avr/4.9.2/avr6\libgcc.a(_exit.o)
 *(.fini0)
                0x000037c0                _etext = .

.data           0x00800200      0x166 load address 0x000037c0
                0x00800200                PROVIDE (__data_start, .)
 *(.data)
 .data          0x00800200        0x6 c:/program files (x86)/atmel/studio/7.0/toolchain/avr8/avr8-gnu-toolchain/bin/../lib/gcc/avr/4.9.2/../../../../avr/lib/avr6\libc.a(malloc.o)
                0x00800200                __malloc_heap_end
                0x00800202                __malloc_heap_start
                0x00800204                __malloc_margin
 *(.data*)
 .data.prompt_default
                0x00800206        0x2 lib/helius_microrl/microrl.o
                0x00800206                prompt_default
 .data.prl      0x00800208        0x2 src/main.o
                0x00800208                prl
 .data.uart3_out
                0x0080020a        0xe src/uart-wrapper.o
                0x0080020a                uart3_out
 .data.uart0_io
                0x00800218        0xe src/uart-wrapper.o
                0x00800218                uart0_io
 *(.rodata)
 *(.rodata*)
 .rodata.str1.1
                0x00800226       0x30 lib/hd44780_111/hd44780.o
 .rodata.__func__.1838
                0x00800256        0x9 lib/hd44780_111/hd44780.o
 .rodata.str1.1
                0x0080025f       0x37 lib/helius_microrl/microrl.o
                                 0x3d (size before relaxing)
 .rodata.str1.1
                0x00800296       0x18 src/cli_microrl.o
 .rodata.cli_cmds
                0x008002ae       0x3f src/cli_microrl.o
                0x008002ae                cli_cmds
 .rodata.str1.1
                0x008002ed       0x10 src/print_helper.o
                                 0x12 (size before relaxing)
 .rodata.str1.1
                0x008002fd        0x6 src/rfid.o
                                  0xe (size before relaxing)
 .rodata.str1.1
                0x00800303       0x63 c:/program files (x86)/atmel/studio/7.0/toolchain/avr8/avr8-gnu-toolchain/bin/../lib/gcc/avr/4.9.2/../../../../avr/lib/avr6\libc.a(assert.o)
 *(.gnu.linkonce.d*)
                0x00800366                . = ALIGN (0x2)
                0x00800366                _edata = .
                0x00800366                PROVIDE (__data_end, .)

.bss            0x00800366      0x299
                0x00800366                PROVIDE (__bss_start, .)
 *(.bss)
 *(.bss*)
 .bss.UART3_LastRxError
                0x00800366        0x1 lib/andygock_avr-uart/uart.o
 .bss.UART3_RxTail
                0x00800367        0x1 lib/andygock_avr-uart/uart.o
 .bss.UART3_RxHead
                0x00800368        0x1 lib/andygock_avr-uart/uart.o
 .bss.UART3_TxTail
                0x00800369        0x1 lib/andygock_avr-uart/uart.o
 .bss.UART3_TxHead
                0x0080036a        0x1 lib/andygock_avr-uart/uart.o
 .bss.UART3_RxBuf
                0x0080036b       0x80 lib/andygock_avr-uart/uart.o
 .bss.UART3_TxBuf
                0x008003eb       0x80 lib/andygock_avr-uart/uart.o
 .bss.UART_LastRxError
                0x0080046b        0x1 lib/andygock_avr-uart/uart.o
 .bss.UART_RxTail
                0x0080046c        0x1 lib/andygock_avr-uart/uart.o
 .bss.UART_RxHead
                0x0080046d        0x1 lib/andygock_avr-uart/uart.o
 .bss.UART_TxTail
                0x0080046e        0x1 lib/andygock_avr-uart/uart.o
 .bss.UART_TxHead
                0x0080046f        0x1 lib/andygock_avr-uart/uart.o
 .bss.UART_RxBuf
                0x00800470       0x80 lib/andygock_avr-uart/uart.o
 .bss.UART_TxBuf
                0x008004f0       0x80 lib/andygock_avr-uart/uart.o
 .bss.prev_space.2668
                0x00800570        0x2 src/cli_microrl.o
 .bss.message_start.2469
                0x00800572        0x4 src/main.o
 .bss.door_open_start.2470
                0x00800576        0x4 src/main.o
 .bss.current_time.2455
                0x0080057a        0x4 src/main.o
 .bss.head      0x0080057e        0x2 src/rfid.o
                0x0080057e                head
 *(COMMON)
 COMMON         0x00800580       0x75 src/main.o
                0x00800580                rl
                0x008005f1                system_time
 COMMON         0x008005f5        0x4 c:/program files (x86)/atmel/studio/7.0/toolchain/avr8/avr8-gnu-toolchain/bin/../lib/gcc/avr/4.9.2/../../../../avr/lib/avr6\libc.a(malloc.o)
                0x008005f5                __brkval
                0x008005f7                __flp
 COMMON         0x008005f9        0x6 c:/program files (x86)/atmel/studio/7.0/toolchain/avr8/avr8-gnu-toolchain/bin/../lib/gcc/avr/4.9.2/../../../../avr/lib/avr6\libc.a(iob.o)
                0x008005f9                __iob
                0x008005ff                PROVIDE (__bss_end, .)
                0x000037c0                __data_load_start = LOADADDR (.data)
                0x00003926                __data_load_end = (__data_load_start + SIZEOF (.data))

.noinit         0x008005ff        0x0
                [!provide]                PROVIDE (__noinit_start, .)
 *(.noinit*)
                [!provide]                PROVIDE (__noinit_end, .)
                0x008005ff                _end = .
                0x008005ff                PROVIDE (__heap_start, .)

.eeprom         0x00810000        0x0
 *(.eeprom*)
                0x00810000                __eeprom_end = .

.fuse
 *(.fuse)
 *(.lfuse)
 *(.hfuse)
 *(.efuse)

.lock
 *(.lock*)

.signature
 *(.signature*)

.user_signatures
 *(.user_signatures*)

.stab
 *(.stab)

.stabstr
 *(.stabstr)

.stab.excl
 *(.stab.excl)

.stab.exclstr
 *(.stab.exclstr)

.stab.index
 *(.stab.index)

.stab.indexstr
 *(.stab.indexstr)

.comment        0x00000000       0x5c
 *(.comment)
 .comment       0x00000000       0x30 lib/andygock_avr-uart/uart.o
                                 0x31 (size before relaxing)
 .comment       0x00000030       0x31 lib/andy_brown_memdebug/memdebug.o
 .comment       0x00000030       0x31 lib/hd44780_111/hd44780.o
 .comment       0x00000030       0x31 lib/helius_microrl/microrl.o
 .comment       0x00000030       0x31 lib/matejx_avr_lib/mfrc522.o
 .comment       0x00000030       0x31 lib/matejx_avr_lib/spi.o
 .comment       0x00000030       0x31 src/cli_microrl.o
 .comment       0x00000030       0x31 src/hmi_msg.o
 .comment       0x00000030       0x31 src/main.o
 .comment       0x00000030       0x31 src/print_helper.o
 .comment       0x00000030       0x31 src/rfid.o
 .comment       0x00000030       0x31 src/uart-wrapper.o
 .comment       0x00000030       0x31 c:/program files (x86)/atmel/studio/7.0/toolchain/avr8/avr8-gnu-toolchain/bin/../lib/gcc/avr/4.9.2/../../../../avr/lib/avr6\libc.a(assert.o)
 .comment       0x00000030       0x31 c:/program files (x86)/atmel/studio/7.0/toolchain/avr8/avr8-gnu-toolchain/bin/../lib/gcc/avr/4.9.2/../../../../avr/lib/avr6\libc.a(malloc.o)
 .comment       0x00000030       0x31 c:/program files (x86)/atmel/studio/7.0/toolchain/avr8/avr8-gnu-toolchain/bin/../lib/gcc/avr/4.9.2/../../../../avr/lib/avr6\libc.a(fprintf.o)
 .comment       0x00000030       0x31 c:/program files (x86)/atmel/studio/7.0/toolchain/avr8/avr8-gnu-toolchain/bin/../lib/gcc/avr/4.9.2/../../../../avr/lib/avr6\libc.a(fprintf_p.o)
 .comment       0x00000030       0x31 c:/program files (x86)/atmel/studio/7.0/toolchain/avr8/avr8-gnu-toolchain/bin/../lib/gcc/avr/4.9.2/../../../../avr/lib/avr6\libc.a(fputc.o)
 .comment       0x00000030       0x31 c:/program files (x86)/atmel/studio/7.0/toolchain/avr8/avr8-gnu-toolchain/bin/../lib/gcc/avr/4.9.2/../../../../avr/lib/avr6\libc.a(iob.o)
 .comment       0x00000030       0x31 c:/program files (x86)/atmel/studio/7.0/toolchain/avr8/avr8-gnu-toolchain/bin/../lib/gcc/avr/4.9.2/../../../../avr/lib/avr6\libc.a(printf.o)
 .comment       0x00000030       0x31 c:/program files (x86)/atmel/studio/7.0/toolchain/avr8/avr8-gnu-toolchain/bin/../lib/gcc/avr/4.9.2/../../../../avr/lib/avr6\libc.a(printf_p.o)
 .comment       0x00000030       0x31 c:/program files (x86)/atmel/studio/7.0/toolchain/avr8/avr8-gnu-toolchain/bin/../lib/gcc/avr/4.9.2/../../../../avr/lib/avr6\libc.a(snprintf.o)
 .comment       0x00000030       0x31 c:/program files (x86)/atmel/studio/7.0/toolchain/avr8/avr8-gnu-toolchain/bin/../lib/gcc/avr/4.9.2/../../../../avr/lib/avr6\libc.a(sprintf.o)
 .comment       0x00000030       0x2c c:/program files (x86)/atmel/studio/7.0/toolchain/avr8/avr8-gnu-toolchain/bin/../lib/gcc/avr/4.9.2/../../../../avr/lib/avr6\libc.a(vfprintf_std.o)
                                 0x2d (size before relaxing)

.note.gnu.avr.deviceinfo
                0x00000000       0x40
 .note.gnu.avr.deviceinfo
                0x00000000       0x40 C:/Program Files (x86)/Atmel/Studio/7.0/Packs/atmel/ATmega_DFP/1.1.130/gcc/dev/atmega2560/avr6/crtatmega2560.o

.note.gnu.build-id
 *(.note.gnu.build-id)

.debug
 *(.debug)

.line
 *(.line)

.debug_srcinfo
 *(.debug_srcinfo)

.debug_sfnames
 *(.debug_sfnames)

.debug_aranges  0x00000000      0x448
 *(.debug_aranges)
 .debug_aranges
                0x00000000       0xb8 lib/andygock_avr-uart/uart.o
 .debug_aranges
                0x000000b8       0x50 lib/andy_brown_memdebug/memdebug.o
 .debug_aranges
                0x00000108       0x68 lib/hd44780_111/hd44780.o
 .debug_aranges
                0x00000170       0x60 lib/helius_microrl/microrl.o
 .debug_aranges
                0x000001d0       0xe0 lib/matejx_avr_lib/mfrc522.o
 .debug_aranges
                0x000002b0       0x30 lib/matejx_avr_lib/spi.o
 .debug_aranges
                0x000002e0       0x90 src/cli_microrl.o
 .debug_aranges
                0x00000370       0x18 src/hmi_msg.o
 .debug_aranges
                0x00000388       0x28 src/main.o
 .debug_aranges
                0x000003b0       0x28 src/print_helper.o
 .debug_aranges
                0x000003d8       0x40 src/rfid.o
 .debug_aranges
                0x00000418       0x30 src/uart-wrapper.o

.debug_pubnames
 *(.debug_pubnames)

.debug_info     0x00000000     0x6376
 *(.debug_info .gnu.linkonce.wi.*)
 .debug_info    0x00000000      0xbbc C:/Program Files (x86)/Atmel/Studio/7.0/Packs/atmel/ATmega_DFP/1.1.130/gcc/dev/atmega2560/avr6/crtatmega2560.o
 .debug_info    0x00000bbc      0x640 lib/andygock_avr-uart/uart.o
 .debug_info    0x000011fc      0x2a5 lib/andy_brown_memdebug/memdebug.o
 .debug_info    0x000014a1      0x51e lib/hd44780_111/hd44780.o
 .debug_info    0x000019bf      0x887 lib/helius_microrl/microrl.o
 .debug_info    0x00002246     0x17d8 lib/matejx_avr_lib/mfrc522.o
 .debug_info    0x00003a1e       0xd9 lib/matejx_avr_lib/spi.o
 .debug_info    0x00003af7      0xe7a src/cli_microrl.o
 .debug_info    0x00004971      0x3bf src/hmi_msg.o
 .debug_info    0x00004d30      0xaaf src/main.o
 .debug_info    0x000057df      0x25e src/print_helper.o
 .debug_info    0x00005a3d      0x685 src/rfid.o
 .debug_info    0x000060c2      0x2b4 src/uart-wrapper.o

.debug_abbrev   0x00000000     0x2138
 *(.debug_abbrev)
 .debug_abbrev  0x00000000      0xb1a C:/Program Files (x86)/Atmel/Studio/7.0/Packs/atmel/ATmega_DFP/1.1.130/gcc/dev/atmega2560/avr6/crtatmega2560.o
 .debug_abbrev  0x00000b1a      0x143 lib/andygock_avr-uart/uart.o
 .debug_abbrev  0x00000c5d      0x10a lib/andy_brown_memdebug/memdebug.o
 .debug_abbrev  0x00000d67      0x18c lib/hd44780_111/hd44780.o
 .debug_abbrev  0x00000ef3      0x2b4 lib/helius_microrl/microrl.o
 .debug_abbrev  0x000011a7      0x331 lib/matejx_avr_lib/mfrc522.o
 .debug_abbrev  0x000014d8       0xa5 lib/matejx_avr_lib/spi.o
 .debug_abbrev  0x0000157d      0x352 src/cli_microrl.o
 .debug_abbrev  0x000018cf       0x68 src/hmi_msg.o
 .debug_abbrev  0x00001937      0x361 src/main.o
 .debug_abbrev  0x00001c98      0x133 src/print_helper.o
 .debug_abbrev  0x00001dcb      0x1e2 src/rfid.o
 .debug_abbrev  0x00001fad      0x18b src/uart-wrapper.o

.debug_line     0x00000000     0x2e98
 *(.debug_line .debug_line.* .debug_line_end)
 .debug_line    0x00000000      0x1f9 C:/Program Files (x86)/Atmel/Studio/7.0/Packs/atmel/ATmega_DFP/1.1.130/gcc/dev/atmega2560/avr6/crtatmega2560.o
 .debug_line    0x000001f9      0x49b lib/andygock_avr-uart/uart.o
 .debug_line    0x00000694      0x293 lib/andy_brown_memdebug/memdebug.o
 .debug_line    0x00000927      0x4b4 lib/hd44780_111/hd44780.o
 .debug_line    0x00000ddb      0x484 lib/helius_microrl/microrl.o
 .debug_line    0x0000125f      0xb6b lib/matejx_avr_lib/mfrc522.o
 .debug_line    0x00001dca      0x119 lib/matejx_avr_lib/spi.o
 .debug_line    0x00001ee3      0x602 src/cli_microrl.o
 .debug_line    0x000024e5       0x2e src/hmi_msg.o
 .debug_line    0x00002513      0x384 src/main.o
 .debug_line    0x00002897      0x11c src/print_helper.o
 .debug_line    0x000029b3      0x3a5 src/rfid.o
 .debug_line    0x00002d58      0x140 src/uart-wrapper.o

.debug_frame    0x00000000     0x1030
 *(.debug_frame)
 .debug_frame   0x00000000      0x22c lib/andygock_avr-uart/uart.o
 .debug_frame   0x0000022c       0x9c lib/andy_brown_memdebug/memdebug.o
 .debug_frame   0x000002c8       0xf0 lib/hd44780_111/hd44780.o
 .debug_frame   0x000003b8      0x1b8 lib/helius_microrl/microrl.o
 .debug_frame   0x00000570      0x460 lib/matejx_avr_lib/mfrc522.o
 .debug_frame   0x000009d0       0x50 lib/matejx_avr_lib/spi.o
 .debug_frame   0x00000a20      0x2d4 src/cli_microrl.o
 .debug_frame   0x00000cf4       0x64 src/main.o
 .debug_frame   0x00000d58       0xe4 src/print_helper.o
 .debug_frame   0x00000e3c      0x1a0 src/rfid.o
 .debug_frame   0x00000fdc       0x54 src/uart-wrapper.o

.debug_str      0x00000000     0x19a8
 *(.debug_str)
 .debug_str     0x00000000      0x3e6 C:/Program Files (x86)/Atmel/Studio/7.0/Packs/atmel/ATmega_DFP/1.1.130/gcc/dev/atmega2560/avr6/crtatmega2560.o
 .debug_str     0x000003e6      0x352 lib/andygock_avr-uart/uart.o
                                0x390 (size before relaxing)
 .debug_str     0x00000738      0x12f lib/andy_brown_memdebug/memdebug.o
                                0x2af (size before relaxing)
 .debug_str     0x00000867       0xbe lib/hd44780_111/hd44780.o
                                0x264 (size before relaxing)
 .debug_str     0x00000925      0x19e lib/helius_microrl/microrl.o
                                0x333 (size before relaxing)
 .debug_str     0x00000ac3      0x892 lib/matejx_avr_lib/mfrc522.o
                                0xa54 (size before relaxing)
 .debug_str     0x00001355       0x2d lib/matejx_avr_lib/spi.o
                                0x1ab (size before relaxing)
 .debug_str     0x00001382      0x2cc src/cli_microrl.o
                                0x5ed (size before relaxing)
 .debug_str     0x0000164e       0x59 src/hmi_msg.o
                                0x283 (size before relaxing)
 .debug_str     0x000016a7      0x204 src/main.o
                                0x564 (size before relaxing)
 .debug_str     0x000018ab       0x24 src/print_helper.o
                                0x1e1 (size before relaxing)
 .debug_str     0x000018cf       0x99 src/rfid.o
                                0x2bf (size before relaxing)
 .debug_str     0x00001968       0x40 src/uart-wrapper.o
                                0x225 (size before relaxing)

.debug_loc      0x00000000     0x4a3b
 *(.debug_loc)
 .debug_loc     0x00000000      0x72c lib/andygock_avr-uart/uart.o
 .debug_loc     0x0000072c      0x17e lib/andy_brown_memdebug/memdebug.o
 .debug_loc     0x000008aa      0x308 lib/hd44780_111/hd44780.o
 .debug_loc     0x00000bb2      0x97a lib/helius_microrl/microrl.o
 .debug_loc     0x0000152c     0x1dd4 lib/matejx_avr_lib/mfrc522.o
 .debug_loc     0x00003300       0x6e lib/matejx_avr_lib/spi.o
 .debug_loc     0x0000336e      0xa60 src/cli_microrl.o
 .debug_loc     0x00003dce       0xe2 src/main.o
 .debug_loc     0x00003eb0      0x3a5 src/print_helper.o
 .debug_loc     0x00004255      0x6fe src/rfid.o
 .debug_loc     0x00004953       0xe8 src/uart-wrapper.o

.debug_macinfo
 *(.debug_macinfo)

.debug_weaknames
 *(.debug_weaknames)

.debug_funcnames
 *(.debug_funcnames)

.debug_typenames
 *(.debug_typenames)

.debug_varnames
 *(.debug_varnames)

.debug_pubtypes
 *(.debug_pubtypes)

.debug_ranges   0x00000000      0x4a8
 *(.debug_ranges)
 .debug_ranges  0x00000000       0xd8 lib/andygock_avr-uart/uart.o
 .debug_ranges  0x000000d8       0x40 lib/andy_brown_memdebug/memdebug.o
 .debug_ranges  0x00000118       0x70 lib/hd44780_111/hd44780.o
 .debug_ranges  0x00000188       0x50 lib/helius_microrl/microrl.o
 .debug_ranges  0x000001d8      0x178 lib/matejx_avr_lib/mfrc522.o
 .debug_ranges  0x00000350       0x20 lib/matejx_avr_lib/spi.o
 .debug_ranges  0x00000370       0x80 src/cli_microrl.o
 .debug_ranges  0x000003f0       0x18 src/main.o
 .debug_ranges  0x00000408       0x18 src/print_helper.o
 .debug_ranges  0x00000420       0x68 src/rfid.o
 .debug_ranges  0x00000488       0x20 src/uart-wrapper.o

.debug_macro
 *(.debug_macro)
OUTPUT(Lab06.elf elf32-avr)
LOAD linker stubs
